Executing action: all (aliases: build)
Running cmake in directory /Users/npisarev/Projects/ESP32/ESP32-anime-eyes/build
Executing "cmake -G Ninja -DPYTHON_DEPS_CHECKED=1 -DPYTHON=/Users/npisarev/.espressif/python_env/idf5.5_py3.13_env/bin/python -DESP_PLATFORM=1 -DCCACHE_ENABLE=0 /Users/npisarev/Projects/ESP32/ESP32-anime-eyes"...
-- IDF_TARGET is not set, guessed 'esp32c6' from sdkconfig '/Users/npisarev/Projects/ESP32/ESP32-anime-eyes/sdkconfig'
-- Found Git: /opt/homebrew/bin/git (found version "2.42.0")
-- Minimal build - OFF
-- The C compiler identification is GNU 14.2.0
-- The CXX compiler identification is GNU 14.2.0
-- The ASM compiler identification is GNU
-- Found assembler: /Users/npisarev/.espressif/tools/riscv32-esp-elf/esp-14.2.0_20241119/riscv32-esp-elf/bin/riscv32-esp-elf-gcc
-- Detecting C compiler ABI info
-- Detecting C compiler ABI info - done
-- Check for working C compiler: /Users/npisarev/.espressif/tools/riscv32-esp-elf/esp-14.2.0_20241119/riscv32-esp-elf/bin/riscv32-esp-elf-gcc - skipped
-- Detecting C compile features
-- Detecting C compile features - done
-- Detecting CXX compiler ABI info
-- Detecting CXX compiler ABI info - done
-- Check for working CXX compiler: /Users/npisarev/.espressif/tools/riscv32-esp-elf/esp-14.2.0_20241119/riscv32-esp-elf/bin/riscv32-esp-elf-g++ - skipped
-- Detecting CXX compile features
-- Detecting CXX compile features - done
-- Building ESP-IDF components for target esp32c6
-- Project sdkconfig file /Users/npisarev/Projects/ESP32/ESP32-anime-eyes/sdkconfig
-- Adding linker script /Users/npisarev/Projects/ESP32/ESP-IDF/v5.5/esp-idf/components/riscv/ld/rom.api.ld
-- Found Python3: /Users/npisarev/.espressif/python_env/idf5.5_py3.13_env/bin/python (found version "3.13.2") found components: Interpreter
-- Performing Test CMAKE_HAVE_LIBC_PTHREAD
-- Performing Test CMAKE_HAVE_LIBC_PTHREAD - Success
-- Found Threads: TRUE
-- Performing Test C_COMPILER_SUPPORTS_WFORMAT_SIGNEDNESS
-- Performing Test C_COMPILER_SUPPORTS_WFORMAT_SIGNEDNESS - Success
-- USING O3
-- App "anime-eyes" version: 6193dc1-dirty
-- Adding linker script /Users/npisarev/Projects/ESP32/ESP32-anime-eyes/build/esp-idf/esp_system/ld/memory.ld
-- Adding linker script /Users/npisarev/Projects/ESP32/ESP32-anime-eyes/build/esp-idf/esp_system/ld/sections.ld.in
-- Adding linker script /Users/npisarev/Projects/ESP32/ESP-IDF/v5.5/esp-idf/components/esp_rom/esp32c6/ld/esp32c6.rom.ld
-- Adding linker script /Users/npisarev/Projects/ESP32/ESP-IDF/v5.5/esp-idf/components/esp_rom/esp32c6/ld/esp32c6.rom.api.ld
-- Adding linker script /Users/npisarev/Projects/ESP32/ESP-IDF/v5.5/esp-idf/components/esp_rom/esp32c6/ld/esp32c6.rom.rvfp.ld
-- Adding linker script /Users/npisarev/Projects/ESP32/ESP-IDF/v5.5/esp-idf/components/esp_rom/esp32c6/ld/esp32c6.rom.wdt.ld
-- Adding linker script /Users/npisarev/Projects/ESP32/ESP-IDF/v5.5/esp-idf/components/esp_rom/esp32c6/ld/esp32c6.rom.systimer.ld
-- Adding linker script /Users/npisarev/Projects/ESP32/ESP-IDF/v5.5/esp-idf/components/esp_rom/esp32c6/ld/esp32c6.rom.version.ld
-- Adding linker script /Users/npisarev/Projects/ESP32/ESP-IDF/v5.5/esp-idf/components/esp_rom/esp32c6/ld/esp32c6.rom.phy.ld
-- Adding linker script /Users/npisarev/Projects/ESP32/ESP-IDF/v5.5/esp-idf/components/esp_rom/esp32c6/ld/esp32c6.rom.coexist.ld
-- Adding linker script /Users/npisarev/Projects/ESP32/ESP-IDF/v5.5/esp-idf/components/esp_rom/esp32c6/ld/esp32c6.rom.net80211.ld
-- Adding linker script /Users/npisarev/Projects/ESP32/ESP-IDF/v5.5/esp-idf/components/esp_rom/esp32c6/ld/esp32c6.rom.pp.ld
-- Adding linker script /Users/npisarev/Projects/ESP32/ESP-IDF/v5.5/esp-idf/components/esp_rom/esp32c6/ld/esp32c6.rom.libc.ld
-- Adding linker script /Users/npisarev/Projects/ESP32/ESP-IDF/v5.5/esp-idf/components/esp_rom/esp32c6/ld/esp32c6.rom.libc-suboptimal_for_misaligned_mem.ld
-- Adding linker script /Users/npisarev/Projects/ESP32/ESP-IDF/v5.5/esp-idf/components/esp_rom/esp32c6/ld/esp32c6.rom.newlib.ld
-- Adding linker script /Users/npisarev/Projects/ESP32/ESP-IDF/v5.5/esp-idf/components/esp_rom/esp32c6/ld/esp32c6.rom.newlib-normal.ld
-- Adding linker script /Users/npisarev/Projects/ESP32/ESP-IDF/v5.5/esp-idf/components/esp_rom/esp32c6/ld/esp32c6.rom.heap.ld
-- Adding linker script /Users/npisarev/Projects/ESP32/ESP-IDF/v5.5/esp-idf/components/soc/esp32c6/ld/esp32c6.peripherals.ld
-- Components: app_trace app_update bootloader bootloader_support bt cmock console cxx driver efuse esp-tls esp_adc esp_app_format esp_bootloader_format esp_coex esp_common esp_driver_ana_cmpr esp_driver_bitscrambler esp_driver_cam esp_driver_dac esp_driver_gpio esp_driver_gptimer esp_driver_i2c esp_driver_i2s esp_driver_isp esp_driver_jpeg esp_driver_ledc esp_driver_mcpwm esp_driver_parlio esp_driver_pcnt esp_driver_ppa esp_driver_rmt esp_driver_sdio esp_driver_sdm esp_driver_sdmmc esp_driver_sdspi esp_driver_spi esp_driver_touch_sens esp_driver_tsens esp_driver_twai esp_driver_uart esp_driver_usb_serial_jtag esp_eth esp_event esp_gdbstub esp_hid esp_http_client esp_http_server esp_https_ota esp_https_server esp_hw_support esp_lcd esp_local_ctrl esp_mm esp_netif esp_netif_stack esp_partition esp_phy esp_pm esp_psram esp_ringbuf esp_rom esp_security esp_system esp_tee esp_timer esp_vfs_console esp_wifi espcoredump esptool_py fatfs freertos hal heap http_parser idf_test ieee802154 json log lvgl lwip main mbedtls mqtt newlib nvs_flash nvs_sec_provider openthread partition_table protobuf-c protocomm pthread riscv rt sdmmc soc spi_flash spiffs tcp_transport ulp unity usb vfs wear_levelling wifi_provisioning wpa_supplicant
-- Component paths: /Users/npisarev/Projects/ESP32/ESP-IDF/v5.5/esp-idf/components/app_trace /Users/npisarev/Projects/ESP32/ESP-IDF/v5.5/esp-idf/components/app_update /Users/npisarev/Projects/ESP32/ESP-IDF/v5.5/esp-idf/components/bootloader /Users/npisarev/Projects/ESP32/ESP-IDF/v5.5/esp-idf/components/bootloader_support /Users/npisarev/Projects/ESP32/ESP-IDF/v5.5/esp-idf/components/bt /Users/npisarev/Projects/ESP32/ESP-IDF/v5.5/esp-idf/components/cmock /Users/npisarev/Projects/ESP32/ESP-IDF/v5.5/esp-idf/components/console /Users/npisarev/Projects/ESP32/ESP-IDF/v5.5/esp-idf/components/cxx /Users/npisarev/Projects/ESP32/ESP-IDF/v5.5/esp-idf/components/driver /Users/npisarev/Projects/ESP32/ESP-IDF/v5.5/esp-idf/components/efuse /Users/npisarev/Projects/ESP32/ESP-IDF/v5.5/esp-idf/components/esp-tls /Users/npisarev/Projects/ESP32/ESP-IDF/v5.5/esp-idf/components/esp_adc /Users/npisarev/Projects/ESP32/ESP-IDF/v5.5/esp-idf/components/esp_app_format /Users/npisarev/Projects/ESP32/ESP-IDF/v5.5/esp-idf/components/esp_bootloader_format /Users/npisarev/Projects/ESP32/ESP-IDF/v5.5/esp-idf/components/esp_coex /Users/npisarev/Projects/ESP32/ESP-IDF/v5.5/esp-idf/components/esp_common /Users/npisarev/Projects/ESP32/ESP-IDF/v5.5/esp-idf/components/esp_driver_ana_cmpr /Users/npisarev/Projects/ESP32/ESP-IDF/v5.5/esp-idf/components/esp_driver_bitscrambler /Users/npisarev/Projects/ESP32/ESP-IDF/v5.5/esp-idf/components/esp_driver_cam /Users/npisarev/Projects/ESP32/ESP-IDF/v5.5/esp-idf/components/esp_driver_dac /Users/npisarev/Projects/ESP32/ESP-IDF/v5.5/esp-idf/components/esp_driver_gpio /Users/npisarev/Projects/ESP32/ESP-IDF/v5.5/esp-idf/components/esp_driver_gptimer /Users/npisarev/Projects/ESP32/ESP-IDF/v5.5/esp-idf/components/esp_driver_i2c /Users/npisarev/Projects/ESP32/ESP-IDF/v5.5/esp-idf/components/esp_driver_i2s /Users/npisarev/Projects/ESP32/ESP-IDF/v5.5/esp-idf/components/esp_driver_isp /Users/npisarev/Projects/ESP32/ESP-IDF/v5.5/esp-idf/components/esp_driver_jpeg /Users/npisarev/Projects/ESP32/ESP-IDF/v5.5/esp-idf/components/esp_driver_ledc /Users/npisarev/Projects/ESP32/ESP-IDF/v5.5/esp-idf/components/esp_driver_mcpwm /Users/npisarev/Projects/ESP32/ESP-IDF/v5.5/esp-idf/components/esp_driver_parlio /Users/npisarev/Projects/ESP32/ESP-IDF/v5.5/esp-idf/components/esp_driver_pcnt /Users/npisarev/Projects/ESP32/ESP-IDF/v5.5/esp-idf/components/esp_driver_ppa /Users/npisarev/Projects/ESP32/ESP-IDF/v5.5/esp-idf/components/esp_driver_rmt /Users/npisarev/Projects/ESP32/ESP-IDF/v5.5/esp-idf/components/esp_driver_sdio /Users/npisarev/Projects/ESP32/ESP-IDF/v5.5/esp-idf/components/esp_driver_sdm /Users/npisarev/Projects/ESP32/ESP-IDF/v5.5/esp-idf/components/esp_driver_sdmmc /Users/npisarev/Projects/ESP32/ESP-IDF/v5.5/esp-idf/components/esp_driver_sdspi /Users/npisarev/Projects/ESP32/ESP-IDF/v5.5/esp-idf/components/esp_driver_spi /Users/npisarev/Projects/ESP32/ESP-IDF/v5.5/esp-idf/components/esp_driver_touch_sens /Users/npisarev/Projects/ESP32/ESP-IDF/v5.5/esp-idf/components/esp_driver_tsens /Users/npisarev/Projects/ESP32/ESP-IDF/v5.5/esp-idf/components/esp_driver_twai /Users/npisarev/Projects/ESP32/ESP-IDF/v5.5/esp-idf/components/esp_driver_uart /Users/npisarev/Projects/ESP32/ESP-IDF/v5.5/esp-idf/components/esp_driver_usb_serial_jtag /Users/npisarev/Projects/ESP32/ESP-IDF/v5.5/esp-idf/components/esp_eth /Users/npisarev/Projects/ESP32/ESP-IDF/v5.5/esp-idf/components/esp_event /Users/npisarev/Projects/ESP32/ESP-IDF/v5.5/esp-idf/components/esp_gdbstub /Users/npisarev/Projects/ESP32/ESP-IDF/v5.5/esp-idf/components/esp_hid /Users/npisarev/Projects/ESP32/ESP-IDF/v5.5/esp-idf/components/esp_http_client /Users/npisarev/Projects/ESP32/ESP-IDF/v5.5/esp-idf/components/esp_http_server /Users/npisarev/Projects/ESP32/ESP-IDF/v5.5/esp-idf/components/esp_https_ota /Users/npisarev/Projects/ESP32/ESP-IDF/v5.5/esp-idf/components/esp_https_server /Users/npisarev/Projects/ESP32/ESP-IDF/v5.5/esp-idf/components/esp_hw_support /Users/npisarev/Projects/ESP32/ESP-IDF/v5.5/esp-idf/components/esp_lcd /Users/npisarev/Projects/ESP32/ESP-IDF/v5.5/esp-idf/components/esp_local_ctrl /Users/npisarev/Projects/ESP32/ESP-IDF/v5.5/esp-idf/components/esp_mm /Users/npisarev/Projects/ESP32/ESP-IDF/v5.5/esp-idf/components/esp_netif /Users/npisarev/Projects/ESP32/ESP-IDF/v5.5/esp-idf/components/esp_netif_stack /Users/npisarev/Projects/ESP32/ESP-IDF/v5.5/esp-idf/components/esp_partition /Users/npisarev/Projects/ESP32/ESP-IDF/v5.5/esp-idf/components/esp_phy /Users/npisarev/Projects/ESP32/ESP-IDF/v5.5/esp-idf/components/esp_pm /Users/npisarev/Projects/ESP32/ESP-IDF/v5.5/esp-idf/components/esp_psram /Users/npisarev/Projects/ESP32/ESP-IDF/v5.5/esp-idf/components/esp_ringbuf /Users/npisarev/Projects/ESP32/ESP-IDF/v5.5/esp-idf/components/esp_rom /Users/npisarev/Projects/ESP32/ESP-IDF/v5.5/esp-idf/components/esp_security /Users/npisarev/Projects/ESP32/ESP-IDF/v5.5/esp-idf/components/esp_system /Users/npisarev/Projects/ESP32/ESP-IDF/v5.5/esp-idf/components/esp_tee /Users/npisarev/Projects/ESP32/ESP-IDF/v5.5/esp-idf/components/esp_timer /Users/npisarev/Projects/ESP32/ESP-IDF/v5.5/esp-idf/components/esp_vfs_console /Users/npisarev/Projects/ESP32/ESP-IDF/v5.5/esp-idf/components/esp_wifi /Users/npisarev/Projects/ESP32/ESP-IDF/v5.5/esp-idf/components/espcoredump /Users/npisarev/Projects/ESP32/ESP-IDF/v5.5/esp-idf/components/esptool_py /Users/npisarev/Projects/ESP32/ESP-IDF/v5.5/esp-idf/components/fatfs /Users/npisarev/Projects/ESP32/ESP-IDF/v5.5/esp-idf/components/freertos /Users/npisarev/Projects/ESP32/ESP-IDF/v5.5/esp-idf/components/hal /Users/npisarev/Projects/ESP32/ESP-IDF/v5.5/esp-idf/components/heap /Users/npisarev/Projects/ESP32/ESP-IDF/v5.5/esp-idf/components/http_parser /Users/npisarev/Projects/ESP32/ESP-IDF/v5.5/esp-idf/components/idf_test /Users/npisarev/Projects/ESP32/ESP-IDF/v5.5/esp-idf/components/ieee802154 /Users/npisarev/Projects/ESP32/ESP-IDF/v5.5/esp-idf/components/json /Users/npisarev/Projects/ESP32/ESP-IDF/v5.5/esp-idf/components/log /Users/npisarev/Projects/ESP32/ESP32-anime-eyes/components/lvgl /Users/npisarev/Projects/ESP32/ESP-IDF/v5.5/esp-idf/components/lwip /Users/npisarev/Projects/ESP32/ESP32-anime-eyes/main /Users/npisarev/Projects/ESP32/ESP-IDF/v5.5/esp-idf/components/mbedtls /Users/npisarev/Projects/ESP32/ESP-IDF/v5.5/esp-idf/components/mqtt /Users/npisarev/Projects/ESP32/ESP-IDF/v5.5/esp-idf/components/newlib /Users/npisarev/Projects/ESP32/ESP-IDF/v5.5/esp-idf/components/nvs_flash /Users/npisarev/Projects/ESP32/ESP-IDF/v5.5/esp-idf/components/nvs_sec_provider /Users/npisarev/Projects/ESP32/ESP-IDF/v5.5/esp-idf/components/openthread /Users/npisarev/Projects/ESP32/ESP-IDF/v5.5/esp-idf/components/partition_table /Users/npisarev/Projects/ESP32/ESP-IDF/v5.5/esp-idf/components/protobuf-c /Users/npisarev/Projects/ESP32/ESP-IDF/v5.5/esp-idf/components/protocomm /Users/npisarev/Projects/ESP32/ESP-IDF/v5.5/esp-idf/components/pthread /Users/npisarev/Projects/ESP32/ESP-IDF/v5.5/esp-idf/components/riscv /Users/npisarev/Projects/ESP32/ESP-IDF/v5.5/esp-idf/components/rt /Users/npisarev/Projects/ESP32/ESP-IDF/v5.5/esp-idf/components/sdmmc /Users/npisarev/Projects/ESP32/ESP-IDF/v5.5/esp-idf/components/soc /Users/npisarev/Projects/ESP32/ESP-IDF/v5.5/esp-idf/components/spi_flash /Users/npisarev/Projects/ESP32/ESP-IDF/v5.5/esp-idf/components/spiffs /Users/npisarev/Projects/ESP32/ESP-IDF/v5.5/esp-idf/components/tcp_transport /Users/npisarev/Projects/ESP32/ESP-IDF/v5.5/esp-idf/components/ulp /Users/npisarev/Projects/ESP32/ESP-IDF/v5.5/esp-idf/components/unity /Users/npisarev/Projects/ESP32/ESP-IDF/v5.5/esp-idf/components/usb /Users/npisarev/Projects/ESP32/ESP-IDF/v5.5/esp-idf/components/vfs /Users/npisarev/Projects/ESP32/ESP-IDF/v5.5/esp-idf/components/wear_levelling /Users/npisarev/Projects/ESP32/ESP-IDF/v5.5/esp-idf/components/wifi_provisioning /Users/npisarev/Projects/ESP32/ESP-IDF/v5.5/esp-idf/components/wpa_supplicant
-- Configuring done (3.2s)
CMake Error at /Users/npisarev/Projects/ESP32/ESP-IDF/v5.5/esp-idf/tools/cmake/component.cmake:491 (add_library):
  Cannot find source file:

    /Users/npisarev/Projects/ESP32/ESP32-anime-eyes/main/main_minimal.c

  Tried extensions .c .C .c++ .cc .cpp .cxx .cu .mpp .m .M .mm .ixx .cppm
  .ccm .cxxm .c++m .h .hh .h++ .hm .hpp .hxx .in .txx .f .F .for .f77 .f90
  .f95 .f03 .hip .ispc
Call Stack (most recent call first):
  main/CMakeLists.txt:1 (idf_component_register)


CMake Error at /Users/npisarev/Projects/ESP32/ESP-IDF/v5.5/esp-idf/tools/cmake/component.cmake:491 (add_library):
  No SOURCES given to target: __idf_main
Call Stack (most recent call first):
  main/CMakeLists.txt:1 (idf_component_register)


CMake Generate step failed.  Build files cannot be regenerated correctly.
cmake failed with exit code 1, output of the command is in the /Users/npisarev/Projects/ESP32/ESP32-anime-eyes/build/log/idf_py_stderr_output_85554 and /Users/npisarev/Projects/ESP32/ESP32-anime-eyes/build/log/idf_py_stdout_output_85554
